###############################################################################
#
# IAR ELF Linker V8.40.1.212/W32 for ARM                  21/Feb/2021  17:24:42
# Copyright 2007-2019 IAR Systems AB.
#
#    Output file  =
#        D:\CubeMX\new test rffc\EWARM\new test rffc\Exe\new test rffc.out
#    Map file     =
#        D:\CubeMX\new test rffc\EWARM\new test rffc\List\new test rffc.map
#    Command line =
#        -f C:\Users\makba\AppData\Local\Temp\EW94CB.tmp ("D:\CubeMX\new test
#        rffc\EWARM\new test rffc\Obj\main.o" "D:\CubeMX\new test
#        rffc\EWARM\new test rffc\Obj\RFFC2072A.o" "D:\CubeMX\new test
#        rffc\EWARM\new test rffc\Obj\startup_stm32f407xx.o" "D:\CubeMX\new
#        test rffc\EWARM\new test rffc\Obj\stm32f4xx_hal.o" "D:\CubeMX\new test
#        rffc\EWARM\new test rffc\Obj\stm32f4xx_hal_cortex.o" "D:\CubeMX\new
#        test rffc\EWARM\new test rffc\Obj\stm32f4xx_hal_dma.o" "D:\CubeMX\new
#        test rffc\EWARM\new test rffc\Obj\stm32f4xx_hal_dma_ex.o"
#        "D:\CubeMX\new test rffc\EWARM\new test rffc\Obj\stm32f4xx_hal_exti.o"
#        "D:\CubeMX\new test rffc\EWARM\new test
#        rffc\Obj\stm32f4xx_hal_flash.o" "D:\CubeMX\new test rffc\EWARM\new
#        test rffc\Obj\stm32f4xx_hal_flash_ex.o" "D:\CubeMX\new test
#        rffc\EWARM\new test rffc\Obj\stm32f4xx_hal_flash_ramfunc.o"
#        "D:\CubeMX\new test rffc\EWARM\new test rffc\Obj\stm32f4xx_hal_gpio.o"
#        "D:\CubeMX\new test rffc\EWARM\new test rffc\Obj\stm32f4xx_hal_msp.o"
#        "D:\CubeMX\new test rffc\EWARM\new test rffc\Obj\stm32f4xx_hal_pwr.o"
#        "D:\CubeMX\new test rffc\EWARM\new test
#        rffc\Obj\stm32f4xx_hal_pwr_ex.o" "D:\CubeMX\new test rffc\EWARM\new
#        test rffc\Obj\stm32f4xx_hal_rcc.o" "D:\CubeMX\new test rffc\EWARM\new
#        test rffc\Obj\stm32f4xx_hal_rcc_ex.o" "D:\CubeMX\new test
#        rffc\EWARM\new test rffc\Obj\stm32f4xx_hal_spi.o" "D:\CubeMX\new test
#        rffc\EWARM\new test rffc\Obj\stm32f4xx_hal_tim.o" "D:\CubeMX\new test
#        rffc\EWARM\new test rffc\Obj\stm32f4xx_hal_tim_ex.o" "D:\CubeMX\new
#        test rffc\EWARM\new test rffc\Obj\stm32f4xx_it.o" "D:\CubeMX\new test
#        rffc\EWARM\new test rffc\Obj\system_stm32f4xx.o" --redirect
#        _Printf=_PrintfFull --redirect _Scanf=_ScanfFull --no_out_extension -o
#        "D:\CubeMX\new test rffc\EWARM\new test rffc\Exe\new test rffc.out"
#        --map "D:\CubeMX\new test rffc\EWARM\new test rffc\List\new test
#        rffc.map" --config "D:\CubeMX\new test
#        rffc\EWARM/stm32f407xx_flash.icf" --semihosting --entry
#        __iar_program_start --vfe --text_out locale)
#
###############################################################################

*******************************************************************************
*** RUNTIME MODEL ATTRIBUTES
***

CppFlavor       = *
__Heap_Handler  = Basic
__SystemLibrary = DLib
__dlib_version  = 6


*******************************************************************************
*** HEAP SELECTION
***

The basic heap was selected because no calls to memory allocation
functions were found in the application outside of system library
functions, and there are calls to deallocation functions in the
application.


*******************************************************************************
*** PLACEMENT SUMMARY
***

"A0":  place at address 0x800'0000 { ro section .intvec };
"P1":  place in [from 0x800'0000 to 0x80f'ffff] { ro };
define block CSTACK with size = 1K, alignment = 8 { };
define block HEAP with size = 512, alignment = 8 { };
"P2":  place in [from 0x2000'0000 to 0x2001'ffff] {
          rw, block CSTACK, block HEAP };
initialize by copy { rw };

  Section            Kind         Address    Size  Object
  -------            ----         -------    ----  ------
"A0":                                       0x188
  .intvec            ro code   0x800'0000   0x188  startup_stm32f407xx.o [1]
                             - 0x800'0188   0x188

"P1":                                      0x35f4
  .text              ro code   0x800'0188  0x10c6  xprintffull.o [2]
  .text              ro code   0x800'124e    0x3a  zero_init3.o [4]
  .text              ro code   0x800'1288    0x7c  xlocale_c.o [2]
  .text              ro code   0x800'1304    0x16  strchr.o [4]
  .text              ro code   0x800'131a    0x1e  xencoding_8859_1.o [2]
  .text              ro code   0x800'1338    0x40  xfail_s.o [2]
  .text              ro code   0x800'1378    0x36  strlen.o [4]
  .rodata            const     0x800'13ae     0x2  xlocale_c.o [2]
  .text              ro code   0x800'13b0    0x58  memchr.o [4]
  .text              ro code   0x800'1408    0xa6  ABImemcpy.o [4]
  .rodata            const     0x800'14ae     0x2  xlocale_c.o [2]
  .text              ro code   0x800'14b0    0x70  frexp.o [3]
  .text              ro code   0x800'1520    0x2e  DblCmpLe.o [3]
  .rodata            const     0x800'154e     0x1  xlocale_c.o [2]
  .text              ro code   0x800'1550    0x2e  DblCmpGe.o [3]
  .text              ro code   0x800'1580   0x13a  ldexp.o [3]
  .text              ro code   0x800'16bc    0x3a  DblToS32.o [3]
  .text              ro code   0x800'16f8    0x22  S32ToDbl.o [3]
  .text              ro code   0x800'171c    0xe2  DblSub.o [3]
  .text              ro code   0x800'1800   0x246  DblDiv.o [3]
  .text              ro code   0x800'1a48    0x28  DblToU32.o [3]
  .text              ro code   0x800'1a70    0x1a  U32ToDbl.o [3]
  .text              ro code   0x800'1a8c   0x1a2  DblMul.o [3]
  .text              ro code   0x800'1c2e     0xa  xmbcurmax.o [2]
  .text              ro code   0x800'1c38   0x106  I64DivMod_small.o [4]
  .text              ro code   0x800'1d3e     0x6  abort.o [2]
  .text              ro code   0x800'1d44   0x16a  DblAdd.o [3]
  .text              ro code   0x800'1eb0     0x2  I64DivZer.o [4]
  .text              ro code   0x800'1eb4    0x14  exit.o [5]
  .text              ro code   0x800'1ec8    0x7c  iarttio.o [5]
  .text              ro code   0x800'1f44    0x3c  XShttio.o [2]
  .text              ro code   0x800'1f80   0x3e8  main.o [1]
  .text              ro code   0x800'2368    0x34  stm32f4xx_hal.o [1]
  .text              ro code   0x800'239c   0x1e4  stm32f4xx_hal_gpio.o [1]
  .text              ro code   0x800'2580    0x82  stm32f4xx_hal_spi.o [1]
  .text              ro code   0x800'2604    0x28  printf.o [2]
  .text              ro code   0x800'262c    0x14  memset.o [4]
  .text              ro code   0x800'2640   0x310  stm32f4xx_hal_rcc.o [1]
  .text              ro code   0x800'2950   0x180  stm32f4xx_hal_rcc.o [1]
  .text              ro code   0x800'2ad0    0xac  stm32f4xx_hal_cortex.o [1]
  .text              ro code   0x800'2b7c    0x40  stm32f4xx_hal.o [1]
  .text              ro code   0x800'2bbc    0xa8  stm32f4xx_hal_msp.o [1]
  .text              ro code   0x800'2c64    0x66  ABImemset.o [4]
  .text              ro code   0x800'2ccc     0xc  stm32f4xx_hal.o [1]
  .text              ro code   0x800'2cd8   0x138  heap0.o [2]
  .text              ro code   0x800'2e10    0x2c  xgetmemchunk.o [2]
  .text              ro code   0x800'2e3c    0xd8  xfspos.o [2]
  .text              ro code   0x800'2f14    0xac  fflush.o [2]
  .text              ro code   0x800'2fc0     0xc  xfgpos.o [2]
  .text              ro code   0x800'2fcc    0x4a  lseek.o [5]
  .text              ro code   0x800'3016    0x10  write.o [5]
  .text              ro code   0x800'3028    0xcc  XShHandles.o [2]
  .text              ro code   0x800'30f4    0x1e  dwrite.o [5]
  .text              ro code   0x800'3112    0x20  iarwstd.o [5]
  .text              ro code   0x800'3132    0x22  iarwrite.o [5]
  .text              ro code   0x800'3154    0xb4  xfwprep.o [2]
  .text              ro code   0x800'3208    0x24  fseek.o [2]
  .text              ro code   0x800'322c    0x9c  xfofind.o [2]
  .text              ro code   0x800'32c8     0x4  heaptramp0.o [2]
  .text              ro code   0x800'32cc    0x7e  fclose.o [2]
  .text              ro code   0x800'334a    0x18  close.o [5]
  .text              ro code   0x800'3362    0x14  remove.o [5]
  .text              ro code   0x800'3376    0x78  lz77_init_single.o [4]
  .text              ro code   0x800'33ee    0x54  fputc.o [2]
  .text              ro code   0x800'3444    0x3c  xcloseall.o [2]
  .text              ro code   0x800'3480    0x2c  system_stm32f4xx.o [1]
  .text              ro code   0x800'34ac    0x28  data_init.o [4]
  .text              ro code   0x800'34d4    0x22  fpinit_M.o [3]
  .iar.init_table    const     0x800'34f8    0x20  - Linker created -
  .text              ro code   0x800'3518    0x1e  cmain.o [4]
  .text              ro code   0x800'3536     0x4  low_level_init.o [2]
  .text              ro code   0x800'353a     0x4  exit.o [2]
  .text              ro code   0x800'3540     0xe  cexit.o [4]
  .text              ro code   0x800'354e    0x16  xprout.o [2]
  .text              ro code   0x800'3564     0xc  putchar.o [2]
  .text              ro code   0x800'3570    0x14  stm32f4xx_it.o [1]
  .text              ro code   0x800'3584    0x10  stm32f4xx_hal.o [1]
  .text              ro code   0x800'3594    0x10  startup_stm32f407xx.o [1]
  .text              ro code   0x800'35a4     0xc  cstartup_M.o [4]
  .text              ro code   0x800'35b0     0x4  startup_stm32f407xx.o [1]
  .text              ro code   0x800'35b4     0x4  startup_stm32f407xx.o [1]
  .text              ro code   0x800'35b8     0x4  startup_stm32f407xx.o [1]
  .text              ro code   0x800'35bc     0x4  startup_stm32f407xx.o [1]
  .text              ro code   0x800'35c0     0x4  startup_stm32f407xx.o [1]
  .text              ro code   0x800'35c4     0x4  startup_stm32f407xx.o [1]
  .text              ro code   0x800'35c8     0x4  startup_stm32f407xx.o [1]
  .text              ro code   0x800'35cc     0x4  startup_stm32f407xx.o [1]
  .text              ro code   0x800'35d0     0x4  startup_stm32f407xx.o [1]
  .text              ro code   0x800'35d4     0x4  startup_stm32f407xx.o [1]
  .text              ro code   0x800'35d8     0x4  startup_stm32f407xx.o [1]
  .text              ro code   0x800'35dc     0x4  startup_stm32f407xx.o [1]
  .text              ro code   0x800'35e0     0x4  startup_stm32f407xx.o [1]
  .text              ro code   0x800'35e4     0x4  startup_stm32f407xx.o [1]
  .text              ro code   0x800'35e8     0x4  startup_stm32f407xx.o [1]
  .text              ro code   0x800'35ec     0x4  startup_stm32f407xx.o [1]
  .text              ro code   0x800'35f0     0x4  startup_stm32f407xx.o [1]
  .text              ro code   0x800'35f4     0x4  startup_stm32f407xx.o [1]
  .text              ro code   0x800'35f8     0x4  startup_stm32f407xx.o [1]
  .text              ro code   0x800'35fc     0x4  startup_stm32f407xx.o [1]
  .text              ro code   0x800'3600     0x4  startup_stm32f407xx.o [1]
  .text              ro code   0x800'3604     0x4  startup_stm32f407xx.o [1]
  .text              ro code   0x800'3608     0x4  startup_stm32f407xx.o [1]
  .text              ro code   0x800'360c     0x4  startup_stm32f407xx.o [1]
  .text              ro code   0x800'3610     0x4  startup_stm32f407xx.o [1]
  .text              ro code   0x800'3614     0x4  startup_stm32f407xx.o [1]
  .text              ro code   0x800'3618     0x4  startup_stm32f407xx.o [1]
  .text              ro code   0x800'361c     0x4  startup_stm32f407xx.o [1]
  .text              ro code   0x800'3620     0x4  startup_stm32f407xx.o [1]
  .text              ro code   0x800'3624     0x4  startup_stm32f407xx.o [1]
  .text              ro code   0x800'3628     0x4  startup_stm32f407xx.o [1]
  .text              ro code   0x800'362c     0x4  startup_stm32f407xx.o [1]
  .text              ro code   0x800'3630     0x4  startup_stm32f407xx.o [1]
  .text              ro code   0x800'3634     0x4  startup_stm32f407xx.o [1]
  .text              ro code   0x800'3638     0x4  startup_stm32f407xx.o [1]
  .text              ro code   0x800'363c     0x4  startup_stm32f407xx.o [1]
  .text              ro code   0x800'3640     0x4  startup_stm32f407xx.o [1]
  .text              ro code   0x800'3644     0x4  startup_stm32f407xx.o [1]
  .text              ro code   0x800'3648     0x4  startup_stm32f407xx.o [1]
  .text              ro code   0x800'364c     0x4  startup_stm32f407xx.o [1]
  .text              ro code   0x800'3650     0x4  startup_stm32f407xx.o [1]
  .text              ro code   0x800'3654     0x4  startup_stm32f407xx.o [1]
  .text              ro code   0x800'3658     0x4  startup_stm32f407xx.o [1]
  .text              ro code   0x800'365c     0x4  startup_stm32f407xx.o [1]
  .text              ro code   0x800'3660     0x4  startup_stm32f407xx.o [1]
  .text              ro code   0x800'3664     0x4  startup_stm32f407xx.o [1]
  .text              ro code   0x800'3668     0x4  startup_stm32f407xx.o [1]
  .text              ro code   0x800'366c     0x4  startup_stm32f407xx.o [1]
  .text              ro code   0x800'3670     0x4  startup_stm32f407xx.o [1]
  .text              ro code   0x800'3674     0x4  startup_stm32f407xx.o [1]
  .text              ro code   0x800'3678     0x4  startup_stm32f407xx.o [1]
  .text              ro code   0x800'367c     0x4  startup_stm32f407xx.o [1]
  .text              ro code   0x800'3680     0x4  startup_stm32f407xx.o [1]
  .text              ro code   0x800'3684     0x4  startup_stm32f407xx.o [1]
  .text              ro code   0x800'3688     0x4  startup_stm32f407xx.o [1]
  .text              ro code   0x800'368c     0x4  startup_stm32f407xx.o [1]
  .text              ro code   0x800'3690     0x4  startup_stm32f407xx.o [1]
  .text              ro code   0x800'3694     0x4  startup_stm32f407xx.o [1]
  .text              ro code   0x800'3698     0x4  startup_stm32f407xx.o [1]
  .text              ro code   0x800'369c     0x4  startup_stm32f407xx.o [1]
  .text              ro code   0x800'36a0     0x4  startup_stm32f407xx.o [1]
  .text              ro code   0x800'36a4     0x4  startup_stm32f407xx.o [1]
  .text              ro code   0x800'36a8     0x4  startup_stm32f407xx.o [1]
  .text              ro code   0x800'36ac     0x4  startup_stm32f407xx.o [1]
  .text              ro code   0x800'36b0     0x4  startup_stm32f407xx.o [1]
  .text              ro code   0x800'36b4     0x4  startup_stm32f407xx.o [1]
  .text              ro code   0x800'36b8     0x4  startup_stm32f407xx.o [1]
  .text              ro code   0x800'36bc     0x4  startup_stm32f407xx.o [1]
  .text              ro code   0x800'36c0     0x4  startup_stm32f407xx.o [1]
  .text              ro code   0x800'36c4     0x4  startup_stm32f407xx.o [1]
  .text              ro code   0x800'36c8     0x4  startup_stm32f407xx.o [1]
  .text              ro code   0x800'36cc     0x4  startup_stm32f407xx.o [1]
  .text              ro code   0x800'36d0     0x4  startup_stm32f407xx.o [1]
  .text              ro code   0x800'36d4     0x4  startup_stm32f407xx.o [1]
  .text              ro code   0x800'36d8     0x4  startup_stm32f407xx.o [1]
  .text              ro code   0x800'36dc     0x4  startup_stm32f407xx.o [1]
  .text              ro code   0x800'36e0     0x4  startup_stm32f407xx.o [1]
  .text              ro code   0x800'36e4     0x4  startup_stm32f407xx.o [1]
  .text              ro code   0x800'36e8     0x4  startup_stm32f407xx.o [1]
  .text              ro code   0x800'36ec     0x4  startup_stm32f407xx.o [1]
  .text              ro code   0x800'36f0     0x4  startup_stm32f407xx.o [1]
  .text              ro code   0x800'36f4     0x0  cstart_closeall.o [4]
  .rodata            const     0x800'36f4     0x0  zero_init3.o [4]
  .rodata            const     0x800'36f4     0x0  lz77_init_single.o [4]
  Initializer bytes  const     0x800'36f4    0x88  <for P2-1>
                             - 0x800'377c  0x35f4

"P2", part 1 of 3:                          0x190
  P2-1                        0x2000'0000   0x190  <Init block>
    .data            inited   0x2000'0000     0xc  stm32f4xx_hal.o [1]
    .data            inited   0x2000'000c     0x4  system_stm32f4xx.o [1]
    .data            inited   0x2000'0010    0x38  xlocale_c.o [2]
    .data            inited   0x2000'0048    0x48  xlocale_c.o [2]
    .data            inited   0x2000'0090    0x48  xfiles.o [2]
    .data            inited   0x2000'00d8    0x48  xfiles.o [2]
    .data            inited   0x2000'0120    0x48  xfiles.o [2]
    .data            inited   0x2000'0168    0x20  xfiles.o [2]
    .data            inited   0x2000'0188     0x8  XShttio.o [2]
                            - 0x2000'0190   0x190

"P2", part 2 of 3:                          0x18c
  .bss               zero     0x2000'0190    0x80  XShHandles.o [2]
  .bss               zero     0x2000'0210    0x58  main.o [1]
  .bss               zero     0x2000'0268    0x50  xfiles.o [2]
  .bss               zero     0x2000'02b8    0x50  xfiles.o [2]
  .bss               zero     0x2000'0308     0x8  heap0.o [2]
  .bss               zero     0x2000'0310     0x4  xfail_s.o [2]
  .bss               zero     0x2000'0314     0x4  xgetmemchunk.o [2]
  .bss               zero     0x2000'0318     0x1  XShttio.o [2]
                            - 0x2000'0319   0x189

"P2", part 3 of 3:                          0x600
  CSTACK                      0x2000'0320   0x400  <Block>
    CSTACK           uninit   0x2000'0320   0x400  <Block tail>
  HEAP                        0x2000'0720   0x200  <Block>
    HEAP             uninit   0x2000'0720   0x200  <Block tail>
                            - 0x2000'0920   0x600

Unused ranges:

         From           To      Size
         ----           --      ----
   0x800'377c   0x80f'ffff  0xf'c884
  0x2000'031c  0x2000'031f       0x4
  0x2000'0920  0x2001'ffff  0x1'f6e0


*******************************************************************************
*** INIT TABLE
***

          Address      Size
          -------      ----
Zero (__iar_zero_init3)
    1 destination range, total size 0x189:
          0x2000'0190  0x189

Copy/lz77 (__iar_lz77_init_single3)
    1 source range, total size 0x88 (34% of destination):
           0x800'36f4   0x88
    1 destination range, total size 0x190:
          0x2000'0000  0x190



*******************************************************************************
*** MODULE SUMMARY
***

    Module                  ro code  ro data  rw data
    ------                  -------  -------  -------
command line/config:
    -------------------------------------------------
    Total:

D:\CubeMX\new test rffc\EWARM\new test rffc\Obj: [1]
    main.o                    1'000                88
    startup_stm32f407xx.o       732
    stm32f4xx_hal.o             144        4       12
    stm32f4xx_hal_cortex.o      172
    stm32f4xx_hal_gpio.o        484
    stm32f4xx_hal_msp.o         168
    stm32f4xx_hal_rcc.o       1'168
    stm32f4xx_hal_spi.o         130
    stm32f4xx_it.o               20
    system_stm32f4xx.o           44        1        4
    -------------------------------------------------
    Total:                    4'062        5      104

dl7M_tlf.a: [2]
    XShHandles.o                204               128
    XShttio.o                    60        3        9
    abort.o                       6
    exit.o                        4
    fclose.o                    126
    fflush.o                    172
    fputc.o                      84
    fseek.o                      36
    heap0.o                     312                 8
    heaptramp0.o                  4
    low_level_init.o              4
    printf.o                     40
    putchar.o                    12
    xcloseall.o                  60
    xencoding_8859_1.o           30
    xfail_s.o                    64                 4
    xfgpos.o                     12
    xfiles.o                              85      408
    xfofind.o                   156
    xfspos.o                    216
    xfwprep.o                   180
    xgetmemchunk.o               44                 4
    xlocale_c.o                 124       48      128
    xmbcurmax.o                  10
    xprintffull.o             4'294
    xprout.o                     22
    -------------------------------------------------
    Total:                    6'276      136      689

m7M_tls.a: [3]
    DblAdd.o                    362
    DblCmpGe.o                   46
    DblCmpLe.o                   46
    DblDiv.o                    582
    DblMul.o                    418
    DblSub.o                    226
    DblToS32.o                   58
    DblToU32.o                   40
    S32ToDbl.o                   34
    U32ToDbl.o                   26
    fpinit_M.o                   34
    frexp.o                     112
    ldexp.o                     314
    -------------------------------------------------
    Total:                    2'298

rt7M_tl.a: [4]
    ABImemcpy.o                 166
    ABImemset.o                 102
    I64DivMod_small.o           262
    I64DivZer.o                   2
    cexit.o                      14
    cmain.o                      30
    cstart_closeall.o
    cstartup_M.o                 12
    data_init.o                  40
    lz77_init_single.o          120
    memchr.o                     88
    memset.o                     20
    strchr.o                     22
    strlen.o                     54
    zero_init3.o                 58
    -------------------------------------------------
    Total:                      990

shb_l.a: [5]
    close.o                      24
    dwrite.o                     30
    exit.o                       20
    iarttio.o                   124
    iarwrite.o                   34
    iarwstd.o                    32
    lseek.o                      74
    remove.o                     20
    write.o                      16
    -------------------------------------------------
    Total:                      374

    Gaps                         29        2
    Linker created                        32    1'536
-----------------------------------------------------
    Grand Total:             14'029      175    2'329


*******************************************************************************
*** ENTRY LIST
***

Entry                       Address   Size  Type      Object
-----                       -------   ----  ----      ------
.iar.init_table$$Base    0x800'34f8          --   Gb  - Linker created -
.iar.init_table$$Limit   0x800'3518          --   Gb  - Linker created -
?main                    0x800'3519         Code  Gb  cmain.o [4]
AHBPrescTable            0x800'349c   0x10  Data  Gb  system_stm32f4xx.o [1]
Aldata                  0x2000'0308    0x8  Data  Lc  heap0.o [2]
BusFault_Handler         0x800'3577    0x2  Code  Gb  stm32f4xx_it.o [1]
CSTACK$$Base            0x2000'0320          --   Gb  - Linker created -
CSTACK$$Limit           0x2000'0720          --   Gb  - Linker created -
CacheMore                0x800'128d   0x28  Code  Lc  xlocale_c.o [2]
DebugMon_Handler         0x800'357d    0x2  Code  Gb  stm32f4xx_it.o [1]
HAL_GPIO_Init            0x800'239d  0x1ae  Code  Gb  stm32f4xx_hal_gpio.o [1]
HAL_GPIO_WritePin        0x800'254b    0x8  Code  Gb  stm32f4xx_hal_gpio.o [1]
HAL_GetTick              0x800'2ccd    0xc  Code  Wk  stm32f4xx_hal.o [1]
HAL_IncTick              0x800'3585   0x10  Code  Wk  stm32f4xx_hal.o [1]
HAL_Init                 0x800'2369   0x30  Code  Gb  stm32f4xx_hal.o [1]
HAL_InitTick             0x800'2b7d   0x40  Code  Wk  stm32f4xx_hal.o [1]
HAL_MspInit              0x800'2bbd   0x34  Code  Gb  stm32f4xx_hal_msp.o [1]
HAL_NVIC_SetPriority     0x800'2b05   0x3a  Code  Gb  stm32f4xx_hal_cortex.o [1]
HAL_NVIC_SetPriorityGrouping
                         0x800'2aeb   0x1a  Code  Gb  stm32f4xx_hal_cortex.o [1]
HAL_RCC_ClockConfig      0x800'2951  0x100  Code  Gb  stm32f4xx_hal_rcc.o [1]
HAL_RCC_OscConfig        0x800'2641  0x310  Code  Wk  stm32f4xx_hal_rcc.o [1]
HAL_SPI_Init             0x800'2581   0x76  Code  Gb  stm32f4xx_hal_spi.o [1]
HAL_SPI_MspInit          0x800'2bf1   0x64  Code  Gb  stm32f4xx_hal_msp.o [1]
HAL_SYSTICK_Config       0x800'2b3f   0x28  Code  Gb  stm32f4xx_hal_cortex.o [1]
HEAP$$Base              0x2000'0720          --   Gb  - Linker created -
HEAP$$Limit             0x2000'0920          --   Gb  - Linker created -
HardFault_Handler        0x800'3573    0x2  Code  Gb  stm32f4xx_it.o [1]
MemManage_Handler        0x800'3575    0x2  Code  Gb  stm32f4xx_it.o [1]
NMI_Handler              0x800'3571    0x2  Code  Gb  stm32f4xx_it.o [1]
PendSV_Handler           0x800'357f    0x2  Code  Gb  stm32f4xx_it.o [1]
Region$$Table$$Base      0x800'34f8          --   Gb  - Linker created -
Region$$Table$$Limit     0x800'3518          --   Gb  - Linker created -
SVC_Handler              0x800'357b    0x2  Code  Gb  stm32f4xx_it.o [1]
SysTick_Handler          0x800'3581    0x4  Code  Gb  stm32f4xx_it.o [1]
SystemClock_Config       0x800'2285   0x70  Code  Gb  main.o [1]
SystemCoreClock         0x2000'000c    0x4  Data  Gb  system_stm32f4xx.o [1]
SystemInit               0x800'3481   0x14  Code  Gb  system_stm32f4xx.o [1]
UsageFault_Handler       0x800'3579    0x2  Code  Gb  stm32f4xx_it.o [1]
_Close_all               0x800'3445   0x3c  Code  Gb  xcloseall.o [2]
_Encoding_8859_1_Mbrlen
                         0x800'132d    0x2  Code  Gb  xencoding_8859_1.o [2]
_Encoding_8859_1_Wctomb
                         0x800'131b   0x12  Code  Gb  xencoding_8859_1.o [2]
_Files                  0x2000'0168   0x20  Data  Gb  xfiles.o [2]
_Fofree                  0x800'322d   0x96  Code  Gb  xfofind.o [2]
_Fspos                   0x800'2e3d   0xd8  Code  Gb  xfspos.o [2]
_Fwprep                  0x800'3155   0xb4  Code  Gb  xfwprep.o [2]
_LitobFull               0x800'109b  0x10a  Code  Lc  xprintffull.o [2]
_Locale_lconv           0x2000'0010   0x38  Data  Lc  xlocale_c.o [2]
_Nnl                     0x800'2fc1    0xc  Code  Gb  xfgpos.o [2]
_PrintfFull              0x800'0189  0xcc4  Code  Gb  xprintffull.o [2]
_Prout                   0x800'354f   0x16  Code  Gb  xprout.o [2]
_PutcharsFull            0x800'120d   0x2e  Code  Lc  xprintffull.o [2]
_PutstrFull              0x800'0fdb   0xc0  Code  Lc  xprintffull.o [2]
_PuttxtFull              0x800'0ecf  0x10c  Code  Lc  xprintffull.o [2]
__NVIC_SetPriority       0x800'2ad1   0x1a  Code  Lc  stm32f4xx_hal_cortex.o [1]
__aeabi_cdcmple          0x800'1521         Code  Gb  DblCmpLe.o [3]
__aeabi_cdrcmple         0x800'1551         Code  Gb  DblCmpGe.o [3]
__aeabi_d2iz             0x800'16bd         Code  Gb  DblToS32.o [3]
__aeabi_d2uiz            0x800'1a49         Code  Gb  DblToU32.o [3]
__aeabi_ddiv             0x800'1801         Code  Gb  DblDiv.o [3]
__aeabi_dmul             0x800'1a8d         Code  Gb  DblMul.o [3]
__aeabi_dsub             0x800'171d         Code  Gb  DblSub.o [3]
__aeabi_i2d              0x800'16f9         Code  Gb  S32ToDbl.o [3]
__aeabi_ldiv0            0x800'1eb1         Code  Gb  I64DivZer.o [4]
__aeabi_memcpy           0x800'1409         Code  Gb  ABImemcpy.o [4]
__aeabi_memcpy4          0x800'1429         Code  Gb  ABImemcpy.o [4]
__aeabi_memcpy8          0x800'1429         Code  Gb  ABImemcpy.o [4]
__aeabi_memset           0x800'2c65         Code  Gb  ABImemset.o [4]
__aeabi_ui2d             0x800'1a71         Code  Gb  U32ToDbl.o [3]
__basic_free             0x800'2d83   0x16  Code  Gb  heap0.o [2]
__basic_free_intern      0x800'2d99   0x74  Code  Lc  heap0.o [2]
__basic_malloc           0x800'2cd9   0x18  Code  Gb  heap0.o [2]
__basic_malloc_intern    0x800'2cf1   0x92  Code  Lc  heap0.o [2]
__cexit_closeall         0x800'3543         Code  Gb  cexit.o [4]
__close                  0x800'334b   0x18  Code  Gb  close.o [5]
__cmain                  0x800'3519         Code  Gb  cmain.o [4]
__cstart_closeall        0x800'36f4         Data  Gb  cstart_closeall.o [4]
__data_GetMemChunk       0x800'2e11   0x2c  Code  Gb  xgetmemchunk.o [2]
__data_GetMemChunk::start
                        0x2000'0314    0x4  Data  Lc  xgetmemchunk.o [2]
__dwrite                 0x800'30f5   0x1e  Code  Gb  dwrite.o [5]
__exit                   0x800'1eb5   0x14  Code  Gb  exit.o [5]
__iar_Fail_s             0x800'1339   0x1c  Code  Gb  xfail_s.o [2]
__iar_Mbcurmax           0x800'1c2f    0xa  Code  Gb  xmbcurmax.o [2]
__iar_Memchr             0x800'13b1         Code  Gb  memchr.o [4]
__iar_Memset             0x800'2c65         Code  Gb  ABImemset.o [4]
__iar_Memset_word        0x800'2c6d         Code  Gb  ABImemset.o [4]
__iar_Stderr            0x2000'0120   0x48  Data  Gb  xfiles.o [2]
__iar_Stdin             0x2000'0090   0x48  Data  Gb  xfiles.o [2]
__iar_Stdout            0x2000'00d8   0x48  Data  Gb  xfiles.o [2]
__iar_Strchr             0x800'1305         Code  Gb  strchr.o [4]
__iar_close_ttio         0x800'1ec9   0x2c  Code  Gb  iarttio.o [5]
__iar_dadd               0x800'172d         Code  Gb  DblSub.o [3]
__iar_data_init3         0x800'34ad   0x28  Code  Gb  data_init.o [4]
__iar_dsub               0x800'1d45         Code  Gb  DblAdd.o [3]
__iar_dsubStart          0x800'1d57         Code  Gb  DblAdd.o [3]
__iar_frexp              0x800'14bd         Code  Gb  frexp.o [3]
__iar_frexpl             0x800'14bd         Code  Gb  frexp.o [3]
__iar_get_ttio           0x800'1ef5   0x4c  Code  Gb  iarttio.o [5]
__iar_globLocale        0x2000'0048   0x48  Data  Lc  xlocale_c.o [2]
__iar_global_Locale      0x800'1289    0x4  Code  Gb  xlocale_c.o [2]
__iar_init_vfp           0x800'34d5         Code  Gb  fpinit_M.o [3]
__iar_ldexp64            0x800'1581         Code  Gb  ldexp.o [3]
__iar_lookup_ttioh       0x800'1f73    0x4  Code  Gb  XShttio.o [2]
__iar_lz77_init_single3
                         0x800'3377   0x78  Code  Gb  lz77_init_single.o [4]
__iar_program_start      0x800'35a5         Code  Gb  cstartup_M.o [4]
__iar_scalbln64          0x800'1581         Code  Gb  ldexp.o [3]
__iar_scalbn64           0x800'1581         Code  Gb  ldexp.o [3]
__iar_sh_Discard         0x800'3029   0x42  Code  Gb  XShHandles.o [2]
__iar_sh_Move            0x800'306b   0x46  Code  Gb  XShHandles.o [2]
__iar_sh_Pos             0x800'30b1   0x3e  Code  Gb  XShHandles.o [2]
__iar_sh_stdout          0x800'3113   0x20  Code  Gb  iarwstd.o [5]
__iar_sh_write           0x800'3133   0x22  Code  Gb  iarwrite.o [5]
__iar_small_uldivmod     0x800'1c39         Code  Gb  I64DivMod_small.o [4]
__iar_softfp___iar_frexp64
                         0x800'14b1         Code  Gb  frexp.o [3]
__iar_softfp_frexp       0x800'14b1         Code  Gb  frexp.o [3]
__iar_softfp_frexpl      0x800'14b1         Code  Gb  frexp.o [3]
__iar_ttio_guard_lock    0x800'1f45   0x1e  Code  Gb  XShttio.o [2]
__iar_ttio_guard_unlock
                         0x800'1f63   0x10  Code  Gb  XShttio.o [2]
__iar_ttio_handles      0x2000'0188    0x8  Data  Lc  XShttio.o [2]
__iar_zero_init3         0x800'124f   0x3a  Code  Gb  zero_init3.o [4]
__low_level_init         0x800'3537    0x4  Code  Gb  low_level_init.o [2]
__lseek                  0x800'2fcd   0x4a  Code  Gb  lseek.o [5]
__vector_table           0x800'0000         Data  Gb  startup_stm32f407xx.o [1]
__write                  0x800'3017   0x10  Code  Gb  write.o [5]
_call_main               0x800'3525         Code  Gb  cmain.o [4]
_exit                    0x800'3541         Code  Gb  cexit.o [4]
_gLocale_mblen           0x800'12f1    0x4  Code  Gb  xlocale_c.o [2]
_gLocale_mblenInt        0x800'12b5   0x2c  Code  Gb  xlocale_c.o [2]
_gLocale_wctomb          0x800'12f5    0x4  Code  Gb  xlocale_c.o [2]
_gLocale_wctombInt       0x800'12ed    0x4  Code  Gb  xlocale_c.o [2]
_main                    0x800'3533         Code  Gb  cmain.o [4]
abort                    0x800'1d3f    0x6  Code  Gb  abort.o [2]
ebuf                    0x2000'0268   0x50  Data  Lc  xfiles.o [2]
exit                     0x800'353b    0x4  Code  Gb  exit.o [2]
fclose                   0x800'32cd   0x7e  Code  Gb  fclose.o [2]
fflush                   0x800'2f89   0x34  Code  Gb  fflush.o [2]
fflushOne                0x800'2f15   0x74  Code  Lc  fflush.o [2]
fputc                    0x800'33ef   0x54  Code  Gb  fputc.o [2]
free                     0x800'32c9    0x4  Code  Gb  heaptramp0.o [2]
fseek                    0x800'3209   0x24  Code  Gb  fseek.o [2]
hspi1                   0x2000'0210   0x58  Data  Gb  main.o [1]
ldexp                    0x800'1581         Code  Gb  ldexp.o [3]
ldexpl                   0x800'1581         Code  Gb  ldexp.o [3]
localeconv               0x800'12f9    0x4  Code  Gb  xlocale_c.o [2]
main                     0x800'2065  0x220  Code  Gb  main.o [1]
memchr                   0x800'13b1         Code  Gb  memchr.o [4]
memset                   0x800'262d   0x14  Code  Gb  memset.o [4]
obuf                    0x2000'02b8   0x50  Data  Lc  xfiles.o [2]
printf                   0x800'2605   0x28  Code  Gb  printf.o [2]
putchar                  0x800'3565    0xc  Code  Gb  putchar.o [2]
remove                   0x800'3363   0x14  Code  Gb  remove.o [5]
rffc_write               0x800'1ff9   0x30  Code  Lc  main.o [1]
sFileInfo               0x2000'0190   0x80  Data  Lc  XShHandles.o [2]
scalbln                  0x800'1581         Code  Gb  ldexp.o [3]
scalblnl                 0x800'1581         Code  Gb  ldexp.o [3]
scalbn                   0x800'1581         Code  Gb  ldexp.o [3]
scalbnl                  0x800'1581         Code  Gb  ldexp.o [3]
scale                    0x800'11a5   0x46  Code  Lc  xprintffull.o [2]
sec_hand                0x2000'0310    0x4  Data  Lc  xfail_s.o [2]
send_1                   0x800'1f81   0x78  Code  Lc  main.o [1]
set_bits                 0x800'2029   0x2e  Code  Lc  main.o [1]
strchr                   0x800'1305         Code  Gb  strchr.o [4]
strlen                   0x800'1379         Code  Gb  strlen.o [4]
ttio_guard              0x2000'0318    0x1  Data  Lc  XShttio.o [2]
uint16to8                0x800'2057    0xc  Code  Lc  main.o [1]
uwTick                  0x2000'0004    0x4  Data  Gb  stm32f4xx_hal.o [1]
uwTickFreq              0x2000'0000    0x1  Data  Gb  stm32f4xx_hal.o [1]
uwTickPrio              0x2000'0008    0x4  Data  Gb  stm32f4xx_hal.o [1]


[1] = D:\CubeMX\new test rffc\EWARM\new test rffc\Obj
[2] = dl7M_tlf.a
[3] = m7M_tls.a
[4] = rt7M_tl.a
[5] = shb_l.a

  14'029 bytes of readonly  code memory
     175 bytes of readonly  data memory
   2'329 bytes of readwrite data memory

Errors: none
Warnings: none
